
Memory Configuration

Name             Origin             Length             Attributes
*default*        0x0000000000000000 0xffffffffffffffff

Linker script and memory map

LOAD /disk2/xye4/qnx_ap_hqx1.0_r4.1/3rdparty/qnx_bins/prebuilt_QNX700/target/qnx7/aarch64le/lib/crt1.o
LOAD /disk2/xye4/qnx_ap_hqx1.0_r4.1/3rdparty/qnx_bins/prebuilt_QNX700/target/qnx7/aarch64le/lib/crti.o
LOAD /disk2/xye4/qnx_ap_hqx1.0_r4.1/3rdparty/qnx_bins/prebuilt_QNX700/host/linux/x86_64/usr/lib/gcc/aarch64-unknown-nto-qnx7.0.0/5.4.0//crtbegin.o
LOAD touch_hijack.o
LOAD /disk2/xye4/qnx_ap_hqx1.0_r4.1/3rdparty/qnx_bins/prebuilt_QNX700/target/qnx7/aarch64le/lib/libm.so
LOAD /disk2/xye4/qnx_ap_hqx1.0_r4.1/3rdparty/install/aarch64le/usr/lib/graphics/qc/libESXEGL_Adreno.so
LOAD /disk2/xye4/qnx_ap_hqx1.0_r4.1/3rdparty/install/aarch64le/usr/lib/graphics/qc/libESXGLESv2_Adreno.so
LOAD /disk2/xye4/qnx_ap_hqx1.0_r4.1/3rdparty/qnx_bins/prebuilt_QNX700/target/qnx7/aarch64le/usr/lib/libscreen.so
LOAD /disk2/xye4/qnx_ap_hqx1.0_r4.1/3rdparty/qnx_bins/prebuilt_QNX700/target/qnx7/aarch64le/lib/libslog2.so
LOAD /disk2/xye4/qnx_ap_hqx1.0_r4.1/3rdparty/qnx_bins/prebuilt_QNX700/target/qnx7/aarch64le/usr/lib/libpng.so
LOAD /disk2/xye4/qnx_ap_hqx1.0_r4.1/3rdparty/qnx_bins/prebuilt_QNX700/host/linux/x86_64/usr/lib/gcc/aarch64-unknown-nto-qnx7.0.0/5.4.0//libgcc.a
LOAD /disk2/xye4/qnx_ap_hqx1.0_r4.1/3rdparty/qnx_bins/prebuilt_QNX700/target/qnx7/aarch64le/lib/libc.so
LOAD /disk2/xye4/qnx_ap_hqx1.0_r4.1/3rdparty/qnx_bins/prebuilt_QNX700/target/qnx7/aarch64le/lib/libcS.a
LOAD /disk2/xye4/qnx_ap_hqx1.0_r4.1/3rdparty/qnx_bins/prebuilt_QNX700/host/linux/x86_64/usr/lib/gcc/aarch64-unknown-nto-qnx7.0.0/5.4.0//libgcc.a
LOAD /disk2/xye4/qnx_ap_hqx1.0_r4.1/3rdparty/qnx_bins/prebuilt_QNX700/host/linux/x86_64/usr/lib/gcc/aarch64-unknown-nto-qnx7.0.0/5.4.0//crtend.o
LOAD /disk2/xye4/qnx_ap_hqx1.0_r4.1/3rdparty/qnx_bins/prebuilt_QNX700/target/qnx7/aarch64le/lib/crtn.o
                [!provide]                        PROVIDE (__executable_start, 0x0)
                0x0000000000000200                . = (0x0 + SIZEOF_HEADERS)

.interp         0x0000000000000200       0x17
 *(.interp)
 .interp        0x0000000000000200       0x17 /disk2/xye4/qnx_ap_hqx1.0_r4.1/3rdparty/qnx_bins/prebuilt_QNX700/target/qnx7/aarch64le/lib/crt1.o

.note           0x0000000000000217       0x18
 .note          0x0000000000000217       0x18 /disk2/xye4/qnx_ap_hqx1.0_r4.1/3rdparty/qnx_bins/prebuilt_QNX700/target/qnx7/aarch64le/lib/crtn.o

.note.gnu.build-id
                0x0000000000000230       0x20
 *(.note.gnu.build-id)
 .note.gnu.build-id
                0x0000000000000230       0x20 /disk2/xye4/qnx_ap_hqx1.0_r4.1/3rdparty/qnx_bins/prebuilt_QNX700/target/qnx7/aarch64le/lib/crt1.o

.hash
 *(.hash)

.gnu.hash       0x0000000000000250       0x48
 *(.gnu.hash)
 .gnu.hash      0x0000000000000250       0x48 /disk2/xye4/qnx_ap_hqx1.0_r4.1/3rdparty/qnx_bins/prebuilt_QNX700/target/qnx7/aarch64le/lib/crt1.o

.dynsym         0x0000000000000298      0x438
 *(.dynsym)
 .dynsym        0x0000000000000298      0x438 /disk2/xye4/qnx_ap_hqx1.0_r4.1/3rdparty/qnx_bins/prebuilt_QNX700/target/qnx7/aarch64le/lib/crt1.o

.dynstr         0x00000000000006d0      0x32a
 *(.dynstr)
 .dynstr        0x00000000000006d0      0x32a /disk2/xye4/qnx_ap_hqx1.0_r4.1/3rdparty/qnx_bins/prebuilt_QNX700/target/qnx7/aarch64le/lib/crt1.o

.gnu.version    0x00000000000009fa        0x0
 *(.gnu.version)
 .gnu.version   0x00000000000009fa        0x0 /disk2/xye4/qnx_ap_hqx1.0_r4.1/3rdparty/qnx_bins/prebuilt_QNX700/target/qnx7/aarch64le/lib/crt1.o

.gnu.version_d  0x0000000000000a00        0x0
 *(.gnu.version_d)
 .gnu.version_d
                0x0000000000000a00        0x0 /disk2/xye4/qnx_ap_hqx1.0_r4.1/3rdparty/qnx_bins/prebuilt_QNX700/target/qnx7/aarch64le/lib/crt1.o

.gnu.version_r  0x0000000000000a00        0x0
 *(.gnu.version_r)
 .gnu.version_r
                0x0000000000000a00        0x0 /disk2/xye4/qnx_ap_hqx1.0_r4.1/3rdparty/qnx_bins/prebuilt_QNX700/target/qnx7/aarch64le/lib/crt1.o

.rela.dyn       0x0000000000000a00       0xf0
 *(.rela.init)
 *(.rela.text .rela.text.* .rela.gnu.linkonce.t.*)
 *(.rela.fini)
 *(.rela.rodata .rela.rodata.* .rela.gnu.linkonce.r.*)
 *(.rela.data .rela.data.* .rela.gnu.linkonce.d.*)
 .rela.data.rel.local
                0x0000000000000a00       0x18 /disk2/xye4/qnx_ap_hqx1.0_r4.1/3rdparty/qnx_bins/prebuilt_QNX700/target/qnx7/aarch64le/lib/crt1.o
 *(.rela.tdata .rela.tdata.* .rela.gnu.linkonce.td.*)
 *(.rela.tbss .rela.tbss.* .rela.gnu.linkonce.tb.*)
 *(.rela.ctors)
 *(.rela.dtors)
 *(.rela.got)
 .rela.got      0x0000000000000a18       0xa8 /disk2/xye4/qnx_ap_hqx1.0_r4.1/3rdparty/qnx_bins/prebuilt_QNX700/target/qnx7/aarch64le/lib/crt1.o
 *(.rela.bss .rela.bss.* .rela.gnu.linkonce.b.*)
 *(.rela.ifunc)
 .rela.ifunc    0x0000000000000ac0        0x0 /disk2/xye4/qnx_ap_hqx1.0_r4.1/3rdparty/qnx_bins/prebuilt_QNX700/target/qnx7/aarch64le/lib/crt1.o
 .rela.fini_array
                0x0000000000000ac0       0x18 /disk2/xye4/qnx_ap_hqx1.0_r4.1/3rdparty/qnx_bins/prebuilt_QNX700/target/qnx7/aarch64le/lib/crt1.o
 .rela.init_array
                0x0000000000000ad8       0x18 /disk2/xye4/qnx_ap_hqx1.0_r4.1/3rdparty/qnx_bins/prebuilt_QNX700/target/qnx7/aarch64le/lib/crt1.o

.rela.plt       0x0000000000000af0      0x2b8
 *(.rela.plt)
 .rela.plt      0x0000000000000af0      0x2b8 /disk2/xye4/qnx_ap_hqx1.0_r4.1/3rdparty/qnx_bins/prebuilt_QNX700/target/qnx7/aarch64le/lib/crt1.o
                [!provide]                        PROVIDE (__rela_iplt_start, .)
 *(.rela.iplt)
                [!provide]                        PROVIDE (__rela_iplt_end, .)

.init
 *(SORT(.init))

.plt            0x0000000000000db0      0x1f0
 *(.plt)
 .plt           0x0000000000000db0      0x1f0 /disk2/xye4/qnx_ap_hqx1.0_r4.1/3rdparty/qnx_bins/prebuilt_QNX700/target/qnx7/aarch64le/lib/crt1.o
 *(.iplt)

.text           0x0000000000000fa0      0x4a8
                0x0000000000000fa0                _btext = .
 *(.text.unlikely .text.*_unlikely .text.unlikely.*)
 *(.text.exit .text.exit.*)
 *(.text.startup .text.startup.*)
 .text.startup  0x0000000000000fa0      0x2e8 touch_hijack.o
                0x0000000000000fa0                main
 *(.text.hot .text.hot.*)
 *(.text .stub .text.* .gnu.linkonce.t.*)
 .text          0x0000000000001288       0x90 /disk2/xye4/qnx_ap_hqx1.0_r4.1/3rdparty/qnx_bins/prebuilt_QNX700/target/qnx7/aarch64le/lib/crt1.o
                0x0000000000001288                _start
 .text          0x0000000000001318        0x0 /disk2/xye4/qnx_ap_hqx1.0_r4.1/3rdparty/qnx_bins/prebuilt_QNX700/target/qnx7/aarch64le/lib/crti.o
 .text          0x0000000000001318      0x130 /disk2/xye4/qnx_ap_hqx1.0_r4.1/3rdparty/qnx_bins/prebuilt_QNX700/host/linux/x86_64/usr/lib/gcc/aarch64-unknown-nto-qnx7.0.0/5.4.0//crtbegin.o
 .text          0x0000000000001448        0x0 touch_hijack.o
 .text          0x0000000000001448        0x0 /disk2/xye4/qnx_ap_hqx1.0_r4.1/3rdparty/qnx_bins/prebuilt_QNX700/host/linux/x86_64/usr/lib/gcc/aarch64-unknown-nto-qnx7.0.0/5.4.0//crtend.o
 .text          0x0000000000001448        0x0 /disk2/xye4/qnx_ap_hqx1.0_r4.1/3rdparty/qnx_bins/prebuilt_QNX700/target/qnx7/aarch64le/lib/crtn.o
 *(.gnu.warning)

.fini
 *(SORT(.fini))
                [!provide]                        PROVIDE (__etext, .)
                [!provide]                        PROVIDE (_etext, .)
                [!provide]                        PROVIDE (etext, .)

.rodata         0x0000000000001448       0x85
 *(.rodata .rodata.* .gnu.linkonce.r.*)
 .rodata.str1.1
                0x0000000000001448       0x85 touch_hijack.o

.rodata1
 *(.rodata1)

.eh_frame_hdr   0x00000000000014d0        0x0
 *(.eh_frame_hdr)
 .eh_frame_hdr  0x00000000000014d0        0x0 /disk2/xye4/qnx_ap_hqx1.0_r4.1/3rdparty/qnx_bins/prebuilt_QNX700/target/qnx7/aarch64le/lib/crtn.o

.eh_frame       0x00000000000014d0        0x4
 *(.eh_frame)
 .eh_frame      0x00000000000014d0        0x0 /disk2/xye4/qnx_ap_hqx1.0_r4.1/3rdparty/qnx_bins/prebuilt_QNX700/host/linux/x86_64/usr/lib/gcc/aarch64-unknown-nto-qnx7.0.0/5.4.0//crtbegin.o
 .eh_frame      0x00000000000014d0        0x4 /disk2/xye4/qnx_ap_hqx1.0_r4.1/3rdparty/qnx_bins/prebuilt_QNX700/host/linux/x86_64/usr/lib/gcc/aarch64-unknown-nto-qnx7.0.0/5.4.0//crtend.o

.gcc_except_table
 *(.gcc_except_table .gcc_except_table.*)

.exception_ranges
 *(.exception_ranges .exception_ranges*)
                0x00000000000014d4                . = (ALIGN (0x10000) - ((0x10000 - .) & 0xffff))
                0x0000000000011ca8                . = DATA_SEGMENT_ALIGN (0x10000, 0x1000)

.eh_frame
 *(.eh_frame)

.gcc_except_table
 *(.gcc_except_table .gcc_except_table.*)

.exception_ranges
 *(.exception_ranges .exception_ranges*)

.tdata
 *(.tdata .tdata.* .gnu.linkonce.td.*)

.tbss
 *(.tbss .tbss.* .gnu.linkonce.tb.*)
 *(.tcommon)

.preinit_array  0x0000000000011ca8        0x0
                0x0000000000011ca8                PROVIDE (__preinit_array_start, .)
 *(.preinit_array)
                0x0000000000011ca8                PROVIDE (__preinit_array_end, .)

.init_array     0x0000000000011ca8        0x8
                0x0000000000011ca8                PROVIDE (__init_array_start, .)
 *(SORT(.init_array.*) SORT(.ctors.*))
 *(.init_array EXCLUDE_FILE(*crtend?.o *crtend.o *crtbegin?.o *crtbegin.o) .ctors)
 .init_array    0x0000000000011ca8        0x8 /disk2/xye4/qnx_ap_hqx1.0_r4.1/3rdparty/qnx_bins/prebuilt_QNX700/host/linux/x86_64/usr/lib/gcc/aarch64-unknown-nto-qnx7.0.0/5.4.0//crtbegin.o
                0x0000000000011cb0                PROVIDE (__init_array_end, .)

.fini_array     0x0000000000011cb0        0x8
                0x0000000000011cb0                PROVIDE (__fini_array_start, .)
 *(SORT(.fini_array.*) SORT(.dtors.*))
 *(.fini_array EXCLUDE_FILE(*crtend?.o *crtend.o *crtbegin?.o *crtbegin.o) .dtors)
 .fini_array    0x0000000000011cb0        0x8 /disk2/xye4/qnx_ap_hqx1.0_r4.1/3rdparty/qnx_bins/prebuilt_QNX700/host/linux/x86_64/usr/lib/gcc/aarch64-unknown-nto-qnx7.0.0/5.4.0//crtbegin.o
                0x0000000000011cb8                PROVIDE (__fini_array_end, .)

.ctors
 *crtbegin.o(.ctors)
 *crtbegin?.o(.ctors)
 *(EXCLUDE_FILE(*crtend?.o *crtend.o) .ctors)
 *(SORT(.ctors.*))
 *(.ctors)

.dtors
 *crtbegin.o(.dtors)
 *crtbegin?.o(.dtors)
 *(EXCLUDE_FILE(*crtend?.o *crtend.o) .dtors)
 *(SORT(.dtors.*))
 *(.dtors)

.jcr            0x0000000000011cb8        0x8
 *(.jcr)
 .jcr           0x0000000000011cb8        0x0 /disk2/xye4/qnx_ap_hqx1.0_r4.1/3rdparty/qnx_bins/prebuilt_QNX700/host/linux/x86_64/usr/lib/gcc/aarch64-unknown-nto-qnx7.0.0/5.4.0//crtbegin.o
 .jcr           0x0000000000011cb8        0x8 /disk2/xye4/qnx_ap_hqx1.0_r4.1/3rdparty/qnx_bins/prebuilt_QNX700/host/linux/x86_64/usr/lib/gcc/aarch64-unknown-nto-qnx7.0.0/5.4.0//crtend.o

.data.rel.ro
 *(.data.rel.ro.local* .gnu.linkonce.d.rel.ro.local.*)
 *(.data.rel.ro .data.rel.ro.* .gnu.linkonce.d.rel.ro.*)

.dynamic        0x0000000000011cc0      0x200
 *(.dynamic)
 .dynamic       0x0000000000011cc0      0x200 /disk2/xye4/qnx_ap_hqx1.0_r4.1/3rdparty/qnx_bins/prebuilt_QNX700/target/qnx7/aarch64le/lib/crt1.o
                0x0000000000011cc0                _DYNAMIC

.got            0x0000000000011ec0      0x140
 *(.got.plt)
 .got.plt       0x0000000000011ec0      0x100 /disk2/xye4/qnx_ap_hqx1.0_r4.1/3rdparty/qnx_bins/prebuilt_QNX700/target/qnx7/aarch64le/lib/crt1.o
 *(.igot.plt)
 *(.got)
 .got           0x0000000000011fc0       0x40 /disk2/xye4/qnx_ap_hqx1.0_r4.1/3rdparty/qnx_bins/prebuilt_QNX700/target/qnx7/aarch64le/lib/crt1.o
                0x0000000000011fc0                _GLOBAL_OFFSET_TABLE_
 *(.igot)
                0x0000000000012000                . = DATA_SEGMENT_RELRO_END (., 0x0)

.data           0x0000000000012000        0x8
                [!provide]                        PROVIDE (__data_start, .)
 *(.data .data.* .gnu.linkonce.d.*)
 .data          0x0000000000012000        0x0 /disk2/xye4/qnx_ap_hqx1.0_r4.1/3rdparty/qnx_bins/prebuilt_QNX700/target/qnx7/aarch64le/lib/crt1.o
 .data          0x0000000000012000        0x0 /disk2/xye4/qnx_ap_hqx1.0_r4.1/3rdparty/qnx_bins/prebuilt_QNX700/target/qnx7/aarch64le/lib/crti.o
 .data          0x0000000000012000        0x0 /disk2/xye4/qnx_ap_hqx1.0_r4.1/3rdparty/qnx_bins/prebuilt_QNX700/host/linux/x86_64/usr/lib/gcc/aarch64-unknown-nto-qnx7.0.0/5.4.0//crtbegin.o
 .data.rel.local
                0x0000000000012000        0x8 /disk2/xye4/qnx_ap_hqx1.0_r4.1/3rdparty/qnx_bins/prebuilt_QNX700/host/linux/x86_64/usr/lib/gcc/aarch64-unknown-nto-qnx7.0.0/5.4.0//crtbegin.o
                0x0000000000012000                __dso_handle
 .data          0x0000000000012008        0x0 touch_hijack.o
 .data          0x0000000000012008        0x0 /disk2/xye4/qnx_ap_hqx1.0_r4.1/3rdparty/qnx_bins/prebuilt_QNX700/host/linux/x86_64/usr/lib/gcc/aarch64-unknown-nto-qnx7.0.0/5.4.0//crtend.o
 .data          0x0000000000012008        0x0 /disk2/xye4/qnx_ap_hqx1.0_r4.1/3rdparty/qnx_bins/prebuilt_QNX700/target/qnx7/aarch64le/lib/crtn.o

.tm_clone_table
                0x0000000000012008        0x0
 .tm_clone_table
                0x0000000000012008        0x0 /disk2/xye4/qnx_ap_hqx1.0_r4.1/3rdparty/qnx_bins/prebuilt_QNX700/host/linux/x86_64/usr/lib/gcc/aarch64-unknown-nto-qnx7.0.0/5.4.0//crtbegin.o
 .tm_clone_table
                0x0000000000012008        0x0 /disk2/xye4/qnx_ap_hqx1.0_r4.1/3rdparty/qnx_bins/prebuilt_QNX700/host/linux/x86_64/usr/lib/gcc/aarch64-unknown-nto-qnx7.0.0/5.4.0//crtend.o

.data1
 *(.data1)
                0x0000000000012008                _edata = .
                [!provide]                        PROVIDE (edata, .)
                0x0000000000012008                . = .
                0x0000000000012008                __bss_start = .
                0x0000000000012008                __bss_start__ = .

.bss            0x0000000000012008       0x38
 *(.dynbss)
 .dynbss        0x0000000000012008        0x0 /disk2/xye4/qnx_ap_hqx1.0_r4.1/3rdparty/qnx_bins/prebuilt_QNX700/target/qnx7/aarch64le/lib/crt1.o
 *(.bss .bss.* .gnu.linkonce.b.*)
 .bss           0x0000000000012008        0x0 /disk2/xye4/qnx_ap_hqx1.0_r4.1/3rdparty/qnx_bins/prebuilt_QNX700/target/qnx7/aarch64le/lib/crt1.o
 .bss           0x0000000000012008        0x0 /disk2/xye4/qnx_ap_hqx1.0_r4.1/3rdparty/qnx_bins/prebuilt_QNX700/target/qnx7/aarch64le/lib/crti.o
 .bss           0x0000000000012008       0x38 /disk2/xye4/qnx_ap_hqx1.0_r4.1/3rdparty/qnx_bins/prebuilt_QNX700/host/linux/x86_64/usr/lib/gcc/aarch64-unknown-nto-qnx7.0.0/5.4.0//crtbegin.o
 .bss           0x0000000000012040        0x0 touch_hijack.o
 .bss           0x0000000000012040        0x0 /disk2/xye4/qnx_ap_hqx1.0_r4.1/3rdparty/qnx_bins/prebuilt_QNX700/host/linux/x86_64/usr/lib/gcc/aarch64-unknown-nto-qnx7.0.0/5.4.0//crtend.o
 .bss           0x0000000000012040        0x0 /disk2/xye4/qnx_ap_hqx1.0_r4.1/3rdparty/qnx_bins/prebuilt_QNX700/target/qnx7/aarch64le/lib/crtn.o
 *(COMMON)
                0x0000000000012040                . = ALIGN ((. != 0x0)?0x8:0x1)
                0x0000000000012040                _bss_end__ = .
                0x0000000000012040                __bss_end__ = .
                0x0000000000012040                . = ALIGN (0x8)
                0x0000000000012040                . = SEGMENT_START ("ldata-segment", .)
                0x0000000000012040                . = ALIGN (0x8)
                0x0000000000012040                __end__ = .
                0x0000000000012040                _end = .
                [!provide]                        PROVIDE (end, .)
                0x0000000000012040                . = DATA_SEGMENT_END (.)

.stab
 *(.stab)

.stabstr
 *(.stabstr)

.stab.excl
 *(.stab.excl)

.stab.exclstr
 *(.stab.exclstr)

.stab.index
 *(.stab.index)

.stab.indexstr
 *(.stab.indexstr)

.comment        0x0000000000000000       0x3e
 *(.comment)
 .comment       0x0000000000000000       0x1f /disk2/xye4/qnx_ap_hqx1.0_r4.1/3rdparty/qnx_bins/prebuilt_QNX700/host/linux/x86_64/usr/lib/gcc/aarch64-unknown-nto-qnx7.0.0/5.4.0//crtbegin.o
                                         0x20 (size before relaxing)
 .comment       0x000000000000001f       0x1f touch_hijack.o
                                         0x20 (size before relaxing)
 .comment       0x000000000000003e       0x20 /disk2/xye4/qnx_ap_hqx1.0_r4.1/3rdparty/qnx_bins/prebuilt_QNX700/host/linux/x86_64/usr/lib/gcc/aarch64-unknown-nto-qnx7.0.0/5.4.0//crtend.o

.debug
 *(.debug)

.line
 *(.line)

.debug_srcinfo
 *(.debug_srcinfo)

.debug_sfnames
 *(.debug_sfnames)

.debug_aranges  0x0000000000000000       0x30
 *(.debug_aranges)
 .debug_aranges
                0x0000000000000000       0x30 touch_hijack.o

.debug_pubnames
 *(.debug_pubnames)

.debug_info     0x0000000000000000      0xc53
 *(.debug_info .gnu.linkonce.wi.*)
 .debug_info    0x0000000000000000      0xc53 touch_hijack.o

.debug_abbrev   0x0000000000000000      0x1ab
 *(.debug_abbrev)
 .debug_abbrev  0x0000000000000000      0x1ab touch_hijack.o

.debug_line     0x0000000000000000      0x1fd
 *(.debug_line .debug_line.* .debug_line_end)
 .debug_line    0x0000000000000000      0x1fd touch_hijack.o

.debug_frame    0x0000000000000000       0x58
 *(.debug_frame)
 .debug_frame   0x0000000000000000       0x58 touch_hijack.o

.debug_str      0x0000000000000000     0x19bf
 *(.debug_str)
 .debug_str     0x0000000000000000     0x19bf touch_hijack.o
                                       0x19f8 (size before relaxing)

.debug_loc      0x0000000000000000      0x1d1
 *(.debug_loc)
 .debug_loc     0x0000000000000000      0x1d1 touch_hijack.o

.debug_macinfo
 *(.debug_macinfo)

.debug_weaknames
 *(.debug_weaknames)

.debug_funcnames
 *(.debug_funcnames)

.debug_typenames
 *(.debug_typenames)

.debug_varnames
 *(.debug_varnames)

.debug_pubtypes
 *(.debug_pubtypes)

.debug_ranges   0x0000000000000000       0x60
 *(.debug_ranges)
 .debug_ranges  0x0000000000000000       0x60 touch_hijack.o

.debug_macro
 *(.debug_macro)

.ARM.attributes
 *(.ARM.attributes)
 *(.gnu.attributes)

.note.gnu.arm.ident
 *(.note.gnu.arm.ident)

/DISCARD/
 *(.note.GNU-stack)
 *(.gnu_debuglink)
 *(.gnu.lto_*)
OUTPUT(/disk2/xye4/qnx_ap_hqx1.0_r4.1/3rdparty/AMSS/services/applications/touch_hijacker/aarch64/o-le/touch_hijacker elf64-littleaarch64)
